{
  "version": "1.5.0",
  "plugins_used": [
    {
      "name": "ArtifactoryDetector"
    },
    {
      "name": "AWSKeyDetector"
    },
    {
      "name": "AzureStorageKeyDetector"
    },
    {
      "name": "Base64HighEntropyString",
      "limit": 4.5
    },
    {
      "name": "BasicAuthDetector"
    },
    {
      "name": "CloudantDetector"
    },
    {
      "name": "DiscordBotTokenDetector"
    },
    {
      "name": "GitHubTokenDetector"
    },
    {
      "name": "HexHighEntropyString",
      "limit": 3.0
    },
    {
      "name": "IbmCloudIamDetector"
    },
    {
      "name": "IbmCosHmacDetector"
    },
    {
      "name": "JwtTokenDetector"
    },
    {
      "name": "KeywordDetector",
      "keyword_exclude": ""
    },
    {
      "name": "MailchimpDetector"
    },
    {
      "name": "NpmDetector"
    },
    {
      "name": "PrivateKeyDetector"
    },
    {
      "name": "SendGridDetector"
    },
    {
      "name": "SlackDetector"
    },
    {
      "name": "SoftlayerDetector"
    },
    {
      "name": "SquareOAuthDetector"
    },
    {
      "name": "StripeDetector"
    },
    {
      "name": "TwilioKeyDetector"
    }
  ],
  "filters_used": [
    {
      "path": "detect_secrets.filters.allowlist.is_line_allowlisted"
    },
    {
      "path": "detect_secrets.filters.common.is_baseline_file",
      "filename": ".secrets.baseline"
    },
    {
      "path": "detect_secrets.filters.common.is_ignored_due_to_verification_policies",
      "min_level": 2
    },
    {
      "path": "detect_secrets.filters.heuristic.is_indirect_reference"
    },
    {
      "path": "detect_secrets.filters.heuristic.is_likely_id_string"
    },
    {
      "path": "detect_secrets.filters.heuristic.is_lock_file"
    },
    {
      "path": "detect_secrets.filters.heuristic.is_not_alphanumeric_string"
    },
    {
      "path": "detect_secrets.filters.heuristic.is_potential_uuid"
    },
    {
      "path": "detect_secrets.filters.heuristic.is_prefixed_with_dollar_sign"
    },
    {
      "path": "detect_secrets.filters.heuristic.is_sequential_string"
    },
    {
      "path": "detect_secrets.filters.heuristic.is_swagger_file"
    },
    {
      "path": "detect_secrets.filters.heuristic.is_templated_secret"
    }
  ],
  "results": {
    ".env.example": [
      {
        "type": "Basic Auth Credentials",
        "filename": ".env.example",
        "hashed_secret": "5baa61e4c9b93f3f0682250b6cf8331b7ee68fd8",
        "is_verified": false,
        "line_number": 25
      }
    ],
    "AGENTS.md": [
      {
        "type": "Secret Keyword",
        "filename": "AGENTS.md",
        "hashed_secret": "58317a3ab801031361f3bd5124295b0d9d2dce32",
        "is_verified": false,
        "line_number": 295
      },
      {
        "type": "Secret Keyword",
        "filename": "AGENTS.md",
        "hashed_secret": "463d8353f4b927fd953e5af7c41084183e8ce5fb",
        "is_verified": false,
        "line_number": 1960
      }
    ],
    "DEPLOYMENT_GUIDE.md": [
      {
        "type": "Secret Keyword",
        "filename": "DEPLOYMENT_GUIDE.md",
        "hashed_secret": "ab3eb0f868f05373c611a6c904ae319ff0772c0c",
        "is_verified": false,
        "line_number": 1836
      },
      {
        "type": "Secret Keyword",
        "filename": "DEPLOYMENT_GUIDE.md",
        "hashed_secret": "bc7d0af48032303599f08bd3942c3cad9768348f",
        "is_verified": false,
        "line_number": 1846
      },
      {
        "type": "Secret Keyword",
        "filename": "DEPLOYMENT_GUIDE.md",
        "hashed_secret": "57e4e8eab6582087c1c0914e04909e811abd84fc",
        "is_verified": false,
        "line_number": 2066
      },
      {
        "type": "Basic Auth Credentials",
        "filename": "DEPLOYMENT_GUIDE.md",
        "hashed_secret": "5baa61e4c9b93f3f0682250b6cf8331b7ee68fd8",
        "is_verified": false,
        "line_number": 2136
      },
      {
        "type": "Basic Auth Credentials",
        "filename": "DEPLOYMENT_GUIDE.md",
        "hashed_secret": "afc848c316af1a89d49826c5ae9d00ed769415f3",
        "is_verified": false,
        "line_number": 2576
      }
    ],
    "DevSky_Enterprise_Platform_Development_Guide__WordPress__AI_Agents__and_React_Dashboard_Implementation.md": [
      {
        "type": "Secret Keyword",
        "filename": "DevSky_Enterprise_Platform_Development_Guide__WordPress__AI_Agents__and_React_Dashboard_Implementation.md",
        "hashed_secret": "11fa7c37d697f30e6aee828b4426a10f83ab2380",
        "is_verified": false,
        "line_number": 146
      },
      {
        "type": "Secret Keyword",
        "filename": "DevSky_Enterprise_Platform_Development_Guide__WordPress__AI_Agents__and_React_Dashboard_Implementation.md",
        "hashed_secret": "900384bccd370f65a16ba75d7fd46bad4025a806",
        "is_verified": false,
        "line_number": 362
      },
      {
        "type": "Secret Keyword",
        "filename": "DevSky_Enterprise_Platform_Development_Guide__WordPress__AI_Agents__and_React_Dashboard_Implementation.md",
        "hashed_secret": "4bea07fc75343d4d3ce2aab3f4fe5b0da8cfcd27",
        "is_verified": false,
        "line_number": 411
      }
    ],
    "devskyy_mcp.py": [
      {
        "type": "Secret Keyword",
        "filename": "devskyy_mcp.py",
        "hashed_secret": "aecdccc1cf64595b34e0cc152d238daabb32183a",
        "is_verified": false,
        "line_number": 34
      },
      {
        "type": "Secret Keyword",
        "filename": "devskyy_mcp.py",
        "hashed_secret": "a8253456364f1bfc7da7ae4a1db5b45d106317a5",
        "is_verified": false,
        "line_number": 1148
      }
    ],
    "legacy/prompt_system.py": [
      {
        "type": "Secret Keyword",
        "filename": "legacy/prompt_system.py",
        "hashed_secret": "02c35a64a3fc90a907cf356a9bf707281bc51ac9",
        "is_verified": false,
        "line_number": 352
      }
    ],
    "legacy/sqlite_auth_system.py": [
      {
        "type": "Secret Keyword",
        "filename": "legacy/sqlite_auth_system.py",
        "hashed_secret": "72559b51f94a7a3ad058c5740cbe2f7cb0d4080b",
        "is_verified": false,
        "line_number": 1029
      },
      {
        "type": "Secret Keyword",
        "filename": "legacy/sqlite_auth_system.py",
        "hashed_secret": "4d1fad940162c0729a3f7c23b213c27f62b7ae94",
        "is_verified": false,
        "line_number": 1043
      },
      {
        "type": "Secret Keyword",
        "filename": "legacy/sqlite_auth_system.py",
        "hashed_secret": "9da133c45f71d2bb9d5eb7cfa6fce7cdb6a215b5",
        "is_verified": false,
        "line_number": 1067
      },
      {
        "type": "Secret Keyword",
        "filename": "legacy/sqlite_auth_system.py",
        "hashed_secret": "1c3fe4e5f0eb13268dac53d6866f084a33a28f00",
        "is_verified": false,
        "line_number": 1090
      },
      {
        "type": "Secret Keyword",
        "filename": "legacy/sqlite_auth_system.py",
        "hashed_secret": "7e3b008bf4930f8771fd4aa442edbedfb00e7439",
        "is_verified": false,
        "line_number": 1116
      }
    ],
    "orchestration/llm_registry.py": [
      {
        "type": "Secret Keyword",
        "filename": "orchestration/llm_registry.py",
        "hashed_secret": "02ecb94373bfb3dfe827ca18409f50b016e8302a",
        "is_verified": false,
        "line_number": 641
      },
      {
        "type": "Secret Keyword",
        "filename": "orchestration/llm_registry.py",
        "hashed_secret": "f8ca0d7266886f4b5be9adddc9b66017b3bf1a4b",
        "is_verified": false,
        "line_number": 649
      },
      {
        "type": "Secret Keyword",
        "filename": "orchestration/llm_registry.py",
        "hashed_secret": "1db4aba2bc9d400d5e75f5473ff811cd819a436d",
        "is_verified": false,
        "line_number": 657
      },
      {
        "type": "Secret Keyword",
        "filename": "orchestration/llm_registry.py",
        "hashed_secret": "fbc8cff8359639c2cc4b0c135565e801ab38358f",
        "is_verified": false,
        "line_number": 664
      },
      {
        "type": "Secret Keyword",
        "filename": "orchestration/llm_registry.py",
        "hashed_secret": "824403a55b39792bcab40973349a9b54f42a1620",
        "is_verified": false,
        "line_number": 672
      },
      {
        "type": "Secret Keyword",
        "filename": "orchestration/llm_registry.py",
        "hashed_secret": "1a37d41260f96724ee881be5e261b4d043f0626b",
        "is_verified": false,
        "line_number": 680
      }
    ],
    "security/jwt_oauth2_auth.py": [
      {
        "type": "Secret Keyword",
        "filename": "security/jwt_oauth2_auth.py",
        "hashed_secret": "868a882a74b3f7f4cc49d8914e144ef07b3ea9d5",
        "is_verified": false,
        "line_number": 114
      },
      {
        "type": "Secret Keyword",
        "filename": "security/jwt_oauth2_auth.py",
        "hashed_secret": "665b1e3851eefefa3fb878654292f16597d25155",
        "is_verified": false,
        "line_number": 116
      }
    ],
    "tests/conftest.py": [
      {
        "type": "Secret Keyword",
        "filename": "tests/conftest.py",
        "hashed_secret": "21d3e19f2f1abb080c46897bcb0116da810dd66c",
        "is_verified": false,
        "line_number": 87
      },
      {
        "type": "Secret Keyword",
        "filename": "tests/conftest.py",
        "hashed_secret": "d29e917855d789662dbbd3fced42e0ea8c3aea2f",
        "is_verified": false,
        "line_number": 98
      },
      {
        "type": "Secret Keyword",
        "filename": "tests/conftest.py",
        "hashed_secret": "5670a39154b7309a9252df3f11353f7e1ee21587",
        "is_verified": false,
        "line_number": 228
      }
    ],
    "tests/test_security.py": [
      {
        "type": "Secret Keyword",
        "filename": "tests/test_security.py",
        "hashed_secret": "21d3e19f2f1abb080c46897bcb0116da810dd66c",
        "is_verified": false,
        "line_number": 137
      },
      {
        "type": "Secret Keyword",
        "filename": "tests/test_security.py",
        "hashed_secret": "6cca58fd7bcdac7ff6e551a93af8653819e5debf",
        "is_verified": false,
        "line_number": 157
      }
    ],
    "wordpress/__init__.py": [
      {
        "type": "Secret Keyword",
        "filename": "wordpress/__init__.py",
        "hashed_secret": "54cd233cf766b984a30cbd9dd47ce2c2d3cdb213",
        "is_verified": false,
        "line_number": 19
      }
    ],
    "wordpress/client.py": [
      {
        "type": "Secret Keyword",
        "filename": "wordpress/client.py",
        "hashed_secret": "54cd233cf766b984a30cbd9dd47ce2c2d3cdb213",
        "is_verified": false,
        "line_number": 186
      }
    ],
    "wordpress/media.py": [
      {
        "type": "Secret Keyword",
        "filename": "wordpress/media.py",
        "hashed_secret": "54cd233cf766b984a30cbd9dd47ce2c2d3cdb213",
        "is_verified": false,
        "line_number": 112
      }
    ],
    "wordpress/products.py": [
      {
        "type": "Secret Keyword",
        "filename": "wordpress/products.py",
        "hashed_secret": "9737963f105f557a607b4c0d86cf59844e83092e",
        "is_verified": false,
        "line_number": 177
      }
    ]
  },
  "generated_at": "2025-12-16T00:16:25Z"
}
